  Determining projects to restore...
  All projects are up-to-date for restore.
  ArenaOps.Shared -> D:\ArenaOps\arenaops-stadium-management\BACKEND\ArenaOps.Shared\bin\Debug\net8.0\ArenaOps.Shared.dll
  ArenaOps.AuthService.Core -> D:\ArenaOps\arenaops-stadium-management\BACKEND\ArenaOps.AuthService\ArenaOps.AuthService.Core\bin\Debug\net8.0\ArenaOps.AuthService.Core.dll
  ArenaOps.AuthService.Infrastructure -> D:\ArenaOps\arenaops-stadium-management\BACKEND\ArenaOps.AuthService\ArenaOps.AuthService.Infrastructure\bin\Debug\net8.0\ArenaOps.AuthService.Infrastructure.dll
C:\Program Files\dotnet\sdk\9.0.306\Microsoft.Common.CurrentVersion.targets(5093,5): warning MSB3026: Could not copy "D:\ArenaOps\arenaops-stadium-management\BACKEND\ArenaOps.Shared\bin\Debug\net8.0\ArenaOps.Shared.dll" to "bin\Debug\net8.0\ArenaOps.Shared.dll". Beginning retry 1 in 1000ms. The process cannot access the file 'D:\ArenaOps\arenaops-stadium-management\BACKEND\ArenaOps.AuthService\ArenaOps.AuthService.API\bin\Debug\net8.0\ArenaOps.Shared.dll' because it is being used by another process. The file is locked by: "ArenaOps.AuthService.API (25092)" [D:\ArenaOps\arenaops-stadium-management\BACKEND\ArenaOps.AuthService\ArenaOps.AuthService.API\ArenaOps.AuthService.API.csproj]
C:\Program Files\dotnet\sdk\9.0.306\Microsoft.Common.CurrentVersion.targets(5093,5): warning MSB3026: Could not copy "D:\ArenaOps\arenaops-stadium-management\BACKEND\ArenaOps.AuthService\ArenaOps.AuthService.Core\bin\Debug\net8.0\ArenaOps.AuthService.Core.dll" to "bin\Debug\net8.0\ArenaOps.AuthService.Core.dll". Beginning retry 1 in 1000ms. The process cannot access the file 'D:\ArenaOps\arenaops-stadium-management\BACKEND\ArenaOps.AuthService\ArenaOps.AuthService.API\bin\Debug\net8.0\ArenaOps.AuthService.Core.dll' because it is being used by another process. The file is locked by: "ArenaOps.AuthService.API (25092)" [D:\ArenaOps\arenaops-stadium-management\BACKEND\ArenaOps.AuthService\ArenaOps.AuthService.API\ArenaOps.AuthService.API.csproj]
C:\Program Files\dotnet\sdk\9.0.306\Microsoft.Common.CurrentVersion.targets(5093,5): warning MSB3026: Could not copy "C:\Users\HP\.nuget\packages\stackexchange.redis\2.11.3\lib\net8.0\StackExchange.Redis.dll" to "bin\Debug\net8.0\StackExchange.Redis.dll". Beginning retry 1 in 1000ms. The process cannot access the file 'D:\ArenaOps\arenaops-stadium-management\BACKEND\ArenaOps.AuthService\ArenaOps.AuthService.API\bin\Debug\net8.0\StackExchange.Redis.dll' because it is being used by another process. The file is locked by: "ArenaOps.AuthService.API (25092)" [D:\ArenaOps\arenaops-stadium-management\BACKEND\ArenaOps.AuthService\ArenaOps.AuthService.API\ArenaOps.AuthService.API.csproj]
C:\Program Files\dotnet\sdk\9.0.306\Microsoft.Common.CurrentVersion.targets(5093,5): warning MSB3026: Could not copy "D:\ArenaOps\arenaops-stadium-management\BACKEND\ArenaOps.AuthService\ArenaOps.AuthService.Infrastructure\bin\Debug\net8.0\ArenaOps.AuthService.Infrastructure.dll" to "bin\Debug\net8.0\ArenaOps.AuthService.Infrastructure.dll". Beginning retry 1 in 1000ms. The process cannot access the file 'D:\ArenaOps\arenaops-stadium-management\BACKEND\ArenaOps.AuthService\ArenaOps.AuthService.API\bin\Debug\net8.0\ArenaOps.AuthService.Infrastructure.dll' because it is being used by another process. The file is locked by: "ArenaOps.AuthService.API (25092)" [D:\ArenaOps\arenaops-stadium-management\BACKEND\ArenaOps.AuthService\ArenaOps.AuthService.API\ArenaOps.AuthService.API.csproj]
C:\Program Files\dotnet\sdk\9.0.306\Microsoft.Common.CurrentVersion.targets(5093,5): warning MSB3026: Could not copy "D:\ArenaOps\arenaops-stadium-management\BACKEND\ArenaOps.Shared\bin\Debug\net8.0\ArenaOps.Shared.dll" to "bin\Debug\net8.0\ArenaOps.Shared.dll". Beginning retry 2 in 1000ms. The process cannot access the file 'D:\ArenaOps\arenaops-stadium-management\BACKEND\ArenaOps.AuthService\ArenaOps.AuthService.API\bin\Debug\net8.0\ArenaOps.Shared.dll' because it is being used by another process. The file is locked by: "ArenaOps.AuthService.API (25092)" [D:\ArenaOps\arenaops-stadium-management\BACKEND\ArenaOps.AuthService\ArenaOps.AuthService.API\ArenaOps.AuthService.API.csproj]
C:\Program Files\dotnet\sdk\9.0.306\Microsoft.Common.CurrentVersion.targets(5093,5): warning MSB3026: Could not copy "C:\Users\HP\.nuget\packages\stackexchange.redis\2.11.3\lib\net8.0\StackExchange.Redis.dll" to "bin\Debug\net8.0\StackExchange.Redis.dll". Beginning retry 2 in 1000ms. The process cannot access the file 'D:\ArenaOps\arenaops-stadium-management\BACKEND\ArenaOps.AuthService\ArenaOps.AuthService.API\bin\Debug\net8.0\StackExchange.Redis.dll' because it is being used by another process. The file is locked by: "ArenaOps.AuthService.API (25092)" [D:\ArenaOps\arenaops-stadium-management\BACKEND\ArenaOps.AuthService\ArenaOps.AuthService.API\ArenaOps.AuthService.API.csproj]
C:\Program Files\dotnet\sdk\9.0.306\Microsoft.Common.CurrentVersion.targets(5093,5): warning MSB3026: Could not copy "D:\ArenaOps\arenaops-stadium-management\BACKEND\ArenaOps.AuthService\ArenaOps.AuthService.Core\bin\Debug\net8.0\ArenaOps.AuthService.Core.dll" to "bin\Debug\net8.0\ArenaOps.AuthService.Core.dll". Beginning retry 2 in 1000ms. The process cannot access the file 'D:\ArenaOps\arenaops-stadium-management\BACKEND\ArenaOps.AuthService\ArenaOps.AuthService.API\bin\Debug\net8.0\ArenaOps.AuthService.Core.dll' because it is being used by another process. The file is locked by: "ArenaOps.AuthService.API (25092)" [D:\ArenaOps\arenaops-stadium-management\BACKEND\ArenaOps.AuthService\ArenaOps.AuthService.API\ArenaOps.AuthService.API.csproj]
C:\Program Files\dotnet\sdk\9.0.306\Microsoft.Common.CurrentVersion.targets(5093,5): warning MSB3026: Could not copy "D:\ArenaOps\arenaops-stadium-management\BACKEND\ArenaOps.AuthService\ArenaOps.AuthService.Infrastructure\bin\Debug\net8.0\ArenaOps.AuthService.Infrastructure.dll" to "bin\Debug\net8.0\ArenaOps.AuthService.Infrastructure.dll". Beginning retry 2 in 1000ms. The process cannot access the file 'D:\ArenaOps\arenaops-stadium-management\BACKEND\ArenaOps.AuthService\ArenaOps.AuthService.API\bin\Debug\net8.0\ArenaOps.AuthService.Infrastructure.dll' because it is being used by another process. The file is locked by: "ArenaOps.AuthService.API (25092)" [D:\ArenaOps\arenaops-stadium-management\BACKEND\ArenaOps.AuthService\ArenaOps.AuthService.API\ArenaOps.AuthService.API.csproj]
C:\Program Files\dotnet\sdk\9.0.306\Microsoft.Common.CurrentVersion.targets(5093,5): warning MSB3026: Could not copy "D:\ArenaOps\arenaops-stadium-management\BACKEND\ArenaOps.Shared\bin\Debug\net8.0\ArenaOps.Shared.dll" to "bin\Debug\net8.0\ArenaOps.Shared.dll". Beginning retry 3 in 1000ms. The process cannot access the file 'D:\ArenaOps\arenaops-stadium-management\BACKEND\ArenaOps.AuthService\ArenaOps.AuthService.API\bin\Debug\net8.0\ArenaOps.Shared.dll' because it is being used by another process. The file is locked by: "ArenaOps.AuthService.API (25092)" [D:\ArenaOps\arenaops-stadium-management\BACKEND\ArenaOps.AuthService\ArenaOps.AuthService.API\ArenaOps.AuthService.API.csproj]
C:\Program Files\dotnet\sdk\9.0.306\Microsoft.Common.CurrentVersion.targets(5093,5): warning MSB3026: Could not copy "C:\Users\HP\.nuget\packages\stackexchange.redis\2.11.3\lib\net8.0\StackExchange.Redis.dll" to "bin\Debug\net8.0\StackExchange.Redis.dll". Beginning retry 3 in 1000ms. The process cannot access the file 'D:\ArenaOps\arenaops-stadium-management\BACKEND\ArenaOps.AuthService\ArenaOps.AuthService.API\bin\Debug\net8.0\StackExchange.Redis.dll' because it is being used by another process. The file is locked by: "ArenaOps.AuthService.API (25092)" [D:\ArenaOps\arenaops-stadium-management\BACKEND\ArenaOps.AuthService\ArenaOps.AuthService.API\ArenaOps.AuthService.API.csproj]
C:\Program Files\dotnet\sdk\9.0.306\Microsoft.Common.CurrentVersion.targets(5093,5): warning MSB3026: Could not copy "D:\ArenaOps\arenaops-stadium-management\BACKEND\ArenaOps.AuthService\ArenaOps.AuthService.Core\bin\Debug\net8.0\ArenaOps.AuthService.Core.dll" to "bin\Debug\net8.0\ArenaOps.AuthService.Core.dll". Beginning retry 3 in 1000ms. The process cannot access the file 'D:\ArenaOps\arenaops-stadium-management\BACKEND\ArenaOps.AuthService\ArenaOps.AuthService.API\bin\Debug\net8.0\ArenaOps.AuthService.Core.dll' because it is being used by another process. The file is locked by: "ArenaOps.AuthService.API (25092)" [D:\ArenaOps\arenaops-stadium-management\BACKEND\ArenaOps.AuthService\ArenaOps.AuthService.API\ArenaOps.AuthService.API.csproj]
C:\Program Files\dotnet\sdk\9.0.306\Microsoft.Common.CurrentVersion.targets(5093,5): warning MSB3026: Could not copy "D:\ArenaOps\arenaops-stadium-management\BACKEND\ArenaOps.AuthService\ArenaOps.AuthService.Infrastructure\bin\Debug\net8.0\ArenaOps.AuthService.Infrastructure.dll" to "bin\Debug\net8.0\ArenaOps.AuthService.Infrastructure.dll". Beginning retry 3 in 1000ms. The process cannot access the file 'D:\ArenaOps\arenaops-stadium-management\BACKEND\ArenaOps.AuthService\ArenaOps.AuthService.API\bin\Debug\net8.0\ArenaOps.AuthService.Infrastructure.dll' because it is being used by another process. The file is locked by: "ArenaOps.AuthService.API (25092)" [D:\ArenaOps\arenaops-stadium-management\BACKEND\ArenaOps.AuthService\ArenaOps.AuthService.API\ArenaOps.AuthService.API.csproj]
C:\Program Files\dotnet\sdk\9.0.306\Microsoft.Common.CurrentVersion.targets(5093,5): warning MSB3026: Could not copy "D:\ArenaOps\arenaops-stadium-management\BACKEND\ArenaOps.Shared\bin\Debug\net8.0\ArenaOps.Shared.dll" to "bin\Debug\net8.0\ArenaOps.Shared.dll". Beginning retry 4 in 1000ms. The process cannot access the file 'D:\ArenaOps\arenaops-stadium-management\BACKEND\ArenaOps.AuthService\ArenaOps.AuthService.API\bin\Debug\net8.0\ArenaOps.Shared.dll' because it is being used by another process. The file is locked by: "ArenaOps.AuthService.API (25092)" [D:\ArenaOps\arenaops-stadium-management\BACKEND\ArenaOps.AuthService\ArenaOps.AuthService.API\ArenaOps.AuthService.API.csproj]
C:\Program Files\dotnet\sdk\9.0.306\Microsoft.Common.CurrentVersion.targets(5093,5): warning MSB3026: Could not copy "C:\Users\HP\.nuget\packages\stackexchange.redis\2.11.3\lib\net8.0\StackExchange.Redis.dll" to "bin\Debug\net8.0\StackExchange.Redis.dll". Beginning retry 4 in 1000ms. The process cannot access the file 'D:\ArenaOps\arenaops-stadium-management\BACKEND\ArenaOps.AuthService\ArenaOps.AuthService.API\bin\Debug\net8.0\StackExchange.Redis.dll' because it is being used by another process. The file is locked by: "ArenaOps.AuthService.API (25092)" [D:\ArenaOps\arenaops-stadium-management\BACKEND\ArenaOps.AuthService\ArenaOps.AuthService.API\ArenaOps.AuthService.API.csproj]
C:\Program Files\dotnet\sdk\9.0.306\Microsoft.Common.CurrentVersion.targets(5093,5): warning MSB3026: Could not copy "D:\ArenaOps\arenaops-stadium-management\BACKEND\ArenaOps.AuthService\ArenaOps.AuthService.Core\bin\Debug\net8.0\ArenaOps.AuthService.Core.dll" to "bin\Debug\net8.0\ArenaOps.AuthService.Core.dll". Beginning retry 4 in 1000ms. The process cannot access the file 'D:\ArenaOps\arenaops-stadium-management\BACKEND\ArenaOps.AuthService\ArenaOps.AuthService.API\bin\Debug\net8.0\ArenaOps.AuthService.Core.dll' because it is being used by another process. The file is locked by: "ArenaOps.AuthService.API (25092)" [D:\ArenaOps\arenaops-stadium-management\BACKEND\ArenaOps.AuthService\ArenaOps.AuthService.API\ArenaOps.AuthService.API.csproj]
C:\Program Files\dotnet\sdk\9.0.306\Microsoft.Common.CurrentVersion.targets(5093,5): warning MSB3026: Could not copy "D:\ArenaOps\arenaops-stadium-management\BACKEND\ArenaOps.AuthService\ArenaOps.AuthService.Infrastructure\bin\Debug\net8.0\ArenaOps.AuthService.Infrastructure.dll" to "bin\Debug\net8.0\ArenaOps.AuthService.Infrastructure.dll". Beginning retry 4 in 1000ms. The process cannot access the file 'D:\ArenaOps\arenaops-stadium-management\BACKEND\ArenaOps.AuthService\ArenaOps.AuthService.API\bin\Debug\net8.0\ArenaOps.AuthService.Infrastructure.dll' because it is being used by another process. The file is locked by: "ArenaOps.AuthService.API (25092)" [D:\ArenaOps\arenaops-stadium-management\BACKEND\ArenaOps.AuthService\ArenaOps.AuthService.API\ArenaOps.AuthService.API.csproj]
C:\Program Files\dotnet\sdk\9.0.306\Microsoft.Common.CurrentVersion.targets(5093,5): warning MSB3026: Could not copy "D:\ArenaOps\arenaops-stadium-management\BACKEND\ArenaOps.Shared\bin\Debug\net8.0\ArenaOps.Shared.dll" to "bin\Debug\net8.0\ArenaOps.Shared.dll". Beginning retry 5 in 1000ms. The process cannot access the file 'D:\ArenaOps\arenaops-stadium-management\BACKEND\ArenaOps.AuthService\ArenaOps.AuthService.API\bin\Debug\net8.0\ArenaOps.Shared.dll' because it is being used by another process. The file is locked by: "ArenaOps.AuthService.API (25092)" [D:\ArenaOps\arenaops-stadium-management\BACKEND\ArenaOps.AuthService\ArenaOps.AuthService.API\ArenaOps.AuthService.API.csproj]
C:\Program Files\dotnet\sdk\9.0.306\Microsoft.Common.CurrentVersion.targets(5093,5): warning MSB3026: Could not copy "C:\Users\HP\.nuget\packages\stackexchange.redis\2.11.3\lib\net8.0\StackExchange.Redis.dll" to "bin\Debug\net8.0\StackExchange.Redis.dll". Beginning retry 5 in 1000ms. The process cannot access the file 'D:\ArenaOps\arenaops-stadium-management\BACKEND\ArenaOps.AuthService\ArenaOps.AuthService.API\bin\Debug\net8.0\StackExchange.Redis.dll' because it is being used by another process. The file is locked by: "ArenaOps.AuthService.API (25092)" [D:\ArenaOps\arenaops-stadium-management\BACKEND\ArenaOps.AuthService\ArenaOps.AuthService.API\ArenaOps.AuthService.API.csproj]
C:\Program Files\dotnet\sdk\9.0.306\Microsoft.Common.CurrentVersion.targets(5093,5): warning MSB3026: Could not copy "D:\ArenaOps\arenaops-stadium-management\BACKEND\ArenaOps.AuthService\ArenaOps.AuthService.Core\bin\Debug\net8.0\ArenaOps.AuthService.Core.dll" to "bin\Debug\net8.0\ArenaOps.AuthService.Core.dll". Beginning retry 5 in 1000ms. The process cannot access the file 'D:\ArenaOps\arenaops-stadium-management\BACKEND\ArenaOps.AuthService\ArenaOps.AuthService.API\bin\Debug\net8.0\ArenaOps.AuthService.Core.dll' because it is being used by another process. The file is locked by: "ArenaOps.AuthService.API (25092)" [D:\ArenaOps\arenaops-stadium-management\BACKEND\ArenaOps.AuthService\ArenaOps.AuthService.API\ArenaOps.AuthService.API.csproj]
C:\Program Files\dotnet\sdk\9.0.306\Microsoft.Common.CurrentVersion.targets(5093,5): warning MSB3026: Could not copy "D:\ArenaOps\arenaops-stadium-management\BACKEND\ArenaOps.AuthService\ArenaOps.AuthService.Infrastructure\bin\Debug\net8.0\ArenaOps.AuthService.Infrastructure.dll" to "bin\Debug\net8.0\ArenaOps.AuthService.Infrastructure.dll". Beginning retry 5 in 1000ms. The process cannot access the file 'D:\ArenaOps\arenaops-stadium-management\BACKEND\ArenaOps.AuthService\ArenaOps.AuthService.API\bin\Debug\net8.0\ArenaOps.AuthService.Infrastructure.dll' because it is being used by another process. The file is locked by: "ArenaOps.AuthService.API (25092)" [D:\ArenaOps\arenaops-stadium-management\BACKEND\ArenaOps.AuthService\ArenaOps.AuthService.API\ArenaOps.AuthService.API.csproj]
C:\Program Files\dotnet\sdk\9.0.306\Microsoft.Common.CurrentVersion.targets(5093,5): warning MSB3026: Could not copy "D:\ArenaOps\arenaops-stadium-management\BACKEND\ArenaOps.Shared\bin\Debug\net8.0\ArenaOps.Shared.dll" to "bin\Debug\net8.0\ArenaOps.Shared.dll". Beginning retry 6 in 1000ms. The process cannot access the file 'D:\ArenaOps\arenaops-stadium-management\BACKEND\ArenaOps.AuthService\ArenaOps.AuthService.API\bin\Debug\net8.0\ArenaOps.Shared.dll' because it is being used by another process. The file is locked by: "ArenaOps.AuthService.API (25092)" [D:\ArenaOps\arenaops-stadium-management\BACKEND\ArenaOps.AuthService\ArenaOps.AuthService.API\ArenaOps.AuthService.API.csproj]
C:\Program Files\dotnet\sdk\9.0.306\Microsoft.Common.CurrentVersion.targets(5093,5): warning MSB3026: Could not copy "C:\Users\HP\.nuget\packages\stackexchange.redis\2.11.3\lib\net8.0\StackExchange.Redis.dll" to "bin\Debug\net8.0\StackExchange.Redis.dll". Beginning retry 6 in 1000ms. The process cannot access the file 'D:\ArenaOps\arenaops-stadium-management\BACKEND\ArenaOps.AuthService\ArenaOps.AuthService.API\bin\Debug\net8.0\StackExchange.Redis.dll' because it is being used by another process. The file is locked by: "ArenaOps.AuthService.API (25092)" [D:\ArenaOps\arenaops-stadium-management\BACKEND\ArenaOps.AuthService\ArenaOps.AuthService.API\ArenaOps.AuthService.API.csproj]
C:\Program Files\dotnet\sdk\9.0.306\Microsoft.Common.CurrentVersion.targets(5093,5): warning MSB3026: Could not copy "D:\ArenaOps\arenaops-stadium-management\BACKEND\ArenaOps.AuthService\ArenaOps.AuthService.Core\bin\Debug\net8.0\ArenaOps.AuthService.Core.dll" to "bin\Debug\net8.0\ArenaOps.AuthService.Core.dll". Beginning retry 6 in 1000ms. The process cannot access the file 'D:\ArenaOps\arenaops-stadium-management\BACKEND\ArenaOps.AuthService\ArenaOps.AuthService.API\bin\Debug\net8.0\ArenaOps.AuthService.Core.dll' because it is being used by another process. The file is locked by: "ArenaOps.AuthService.API (25092)" [D:\ArenaOps\arenaops-stadium-management\BACKEND\ArenaOps.AuthService\ArenaOps.AuthService.API\ArenaOps.AuthService.API.csproj]
C:\Program Files\dotnet\sdk\9.0.306\Microsoft.Common.CurrentVersion.targets(5093,5): warning MSB3026: Could not copy "D:\ArenaOps\arenaops-stadium-management\BACKEND\ArenaOps.AuthService\ArenaOps.AuthService.Infrastructure\bin\Debug\net8.0\ArenaOps.AuthService.Infrastructure.dll" to "bin\Debug\net8.0\ArenaOps.AuthService.Infrastructure.dll". Beginning retry 6 in 1000ms. The process cannot access the file 'D:\ArenaOps\arenaops-stadium-management\BACKEND\ArenaOps.AuthService\ArenaOps.AuthService.API\bin\Debug\net8.0\ArenaOps.AuthService.Infrastructure.dll' because it is being used by another process. The file is locked by: "ArenaOps.AuthService.API (25092)" [D:\ArenaOps\arenaops-stadium-management\BACKEND\ArenaOps.AuthService\ArenaOps.AuthService.API\ArenaOps.AuthService.API.csproj]
C:\Program Files\dotnet\sdk\9.0.306\Microsoft.Common.CurrentVersion.targets(5093,5): warning MSB3026: Could not copy "D:\ArenaOps\arenaops-stadium-management\BACKEND\ArenaOps.Shared\bin\Debug\net8.0\ArenaOps.Shared.dll" to "bin\Debug\net8.0\ArenaOps.Shared.dll". Beginning retry 7 in 1000ms. The process cannot access the file 'D:\ArenaOps\arenaops-stadium-management\BACKEND\ArenaOps.AuthService\ArenaOps.AuthService.API\bin\Debug\net8.0\ArenaOps.Shared.dll' because it is being used by another process. The file is locked by: "ArenaOps.AuthService.API (25092)" [D:\ArenaOps\arenaops-stadium-management\BACKEND\ArenaOps.AuthService\ArenaOps.AuthService.API\ArenaOps.AuthService.API.csproj]
C:\Program Files\dotnet\sdk\9.0.306\Microsoft.Common.CurrentVersion.targets(5093,5): warning MSB3026: Could not copy "C:\Users\HP\.nuget\packages\stackexchange.redis\2.11.3\lib\net8.0\StackExchange.Redis.dll" to "bin\Debug\net8.0\StackExchange.Redis.dll". Beginning retry 7 in 1000ms. The process cannot access the file 'D:\ArenaOps\arenaops-stadium-management\BACKEND\ArenaOps.AuthService\ArenaOps.AuthService.API\bin\Debug\net8.0\StackExchange.Redis.dll' because it is being used by another process. The file is locked by: "ArenaOps.AuthService.API (25092)" [D:\ArenaOps\arenaops-stadium-management\BACKEND\ArenaOps.AuthService\ArenaOps.AuthService.API\ArenaOps.AuthService.API.csproj]
C:\Program Files\dotnet\sdk\9.0.306\Microsoft.Common.CurrentVersion.targets(5093,5): warning MSB3026: Could not copy "D:\ArenaOps\arenaops-stadium-management\BACKEND\ArenaOps.AuthService\ArenaOps.AuthService.Core\bin\Debug\net8.0\ArenaOps.AuthService.Core.dll" to "bin\Debug\net8.0\ArenaOps.AuthService.Core.dll". Beginning retry 7 in 1000ms. The process cannot access the file 'D:\ArenaOps\arenaops-stadium-management\BACKEND\ArenaOps.AuthService\ArenaOps.AuthService.API\bin\Debug\net8.0\ArenaOps.AuthService.Core.dll' because it is being used by another process. The file is locked by: "ArenaOps.AuthService.API (25092)" [D:\ArenaOps\arenaops-stadium-management\BACKEND\ArenaOps.AuthService\ArenaOps.AuthService.API\ArenaOps.AuthService.API.csproj]
C:\Program Files\dotnet\sdk\9.0.306\Microsoft.Common.CurrentVersion.targets(5093,5): warning MSB3026: Could not copy "D:\ArenaOps\arenaops-stadium-management\BACKEND\ArenaOps.AuthService\ArenaOps.AuthService.Infrastructure\bin\Debug\net8.0\ArenaOps.AuthService.Infrastructure.dll" to "bin\Debug\net8.0\ArenaOps.AuthService.Infrastructure.dll". Beginning retry 7 in 1000ms. The process cannot access the file 'D:\ArenaOps\arenaops-stadium-management\BACKEND\ArenaOps.AuthService\ArenaOps.AuthService.API\bin\Debug\net8.0\ArenaOps.AuthService.Infrastructure.dll' because it is being used by another process. The file is locked by: "ArenaOps.AuthService.API (25092)" [D:\ArenaOps\arenaops-stadium-management\BACKEND\ArenaOps.AuthService\ArenaOps.AuthService.API\ArenaOps.AuthService.API.csproj]
C:\Program Files\dotnet\sdk\9.0.306\Microsoft.Common.CurrentVersion.targets(5093,5): warning MSB3026: Could not copy "C:\Users\HP\.nuget\packages\stackexchange.redis\2.11.3\lib\net8.0\StackExchange.Redis.dll" to "bin\Debug\net8.0\StackExchange.Redis.dll". Beginning retry 8 in 1000ms. The process cannot access the file 'D:\ArenaOps\arenaops-stadium-management\BACKEND\ArenaOps.AuthService\ArenaOps.AuthService.API\bin\Debug\net8.0\StackExchange.Redis.dll' because it is being used by another process. The file is locked by: "ArenaOps.AuthService.API (25092)" [D:\ArenaOps\arenaops-stadium-management\BACKEND\ArenaOps.AuthService\ArenaOps.AuthService.API\ArenaOps.AuthService.API.csproj]
C:\Program Files\dotnet\sdk\9.0.306\Microsoft.Common.CurrentVersion.targets(5093,5): warning MSB3026: Could not copy "D:\ArenaOps\arenaops-stadium-management\BACKEND\ArenaOps.Shared\bin\Debug\net8.0\ArenaOps.Shared.dll" to "bin\Debug\net8.0\ArenaOps.Shared.dll". Beginning retry 8 in 1000ms. The process cannot access the file 'D:\ArenaOps\arenaops-stadium-management\BACKEND\ArenaOps.AuthService\ArenaOps.AuthService.API\bin\Debug\net8.0\ArenaOps.Shared.dll' because it is being used by another process. The file is locked by: "ArenaOps.AuthService.API (25092)" [D:\ArenaOps\arenaops-stadium-management\BACKEND\ArenaOps.AuthService\ArenaOps.AuthService.API\ArenaOps.AuthService.API.csproj]
C:\Program Files\dotnet\sdk\9.0.306\Microsoft.Common.CurrentVersion.targets(5093,5): warning MSB3026: Could not copy "D:\ArenaOps\arenaops-stadium-management\BACKEND\ArenaOps.AuthService\ArenaOps.AuthService.Core\bin\Debug\net8.0\ArenaOps.AuthService.Core.dll" to "bin\Debug\net8.0\ArenaOps.AuthService.Core.dll". Beginning retry 8 in 1000ms. The process cannot access the file 'D:\ArenaOps\arenaops-stadium-management\BACKEND\ArenaOps.AuthService\ArenaOps.AuthService.API\bin\Debug\net8.0\ArenaOps.AuthService.Core.dll' because it is being used by another process. The file is locked by: "ArenaOps.AuthService.API (25092)" [D:\ArenaOps\arenaops-stadium-management\BACKEND\ArenaOps.AuthService\ArenaOps.AuthService.API\ArenaOps.AuthService.API.csproj]
C:\Program Files\dotnet\sdk\9.0.306\Microsoft.Common.CurrentVersion.targets(5093,5): warning MSB3026: Could not copy "D:\ArenaOps\arenaops-stadium-management\BACKEND\ArenaOps.AuthService\ArenaOps.AuthService.Infrastructure\bin\Debug\net8.0\ArenaOps.AuthService.Infrastructure.dll" to "bin\Debug\net8.0\ArenaOps.AuthService.Infrastructure.dll". Beginning retry 8 in 1000ms. The process cannot access the file 'D:\ArenaOps\arenaops-stadium-management\BACKEND\ArenaOps.AuthService\ArenaOps.AuthService.API\bin\Debug\net8.0\ArenaOps.AuthService.Infrastructure.dll' because it is being used by another process. The file is locked by: "ArenaOps.AuthService.API (25092)" [D:\ArenaOps\arenaops-stadium-management\BACKEND\ArenaOps.AuthService\ArenaOps.AuthService.API\ArenaOps.AuthService.API.csproj]
C:\Program Files\dotnet\sdk\9.0.306\Microsoft.Common.CurrentVersion.targets(5093,5): warning MSB3026: Could not copy "C:\Users\HP\.nuget\packages\stackexchange.redis\2.11.3\lib\net8.0\StackExchange.Redis.dll" to "bin\Debug\net8.0\StackExchange.Redis.dll". Beginning retry 9 in 1000ms. The process cannot access the file 'D:\ArenaOps\arenaops-stadium-management\BACKEND\ArenaOps.AuthService\ArenaOps.AuthService.API\bin\Debug\net8.0\StackExchange.Redis.dll' because it is being used by another process. The file is locked by: "ArenaOps.AuthService.API (25092)" [D:\ArenaOps\arenaops-stadium-management\BACKEND\ArenaOps.AuthService\ArenaOps.AuthService.API\ArenaOps.AuthService.API.csproj]
C:\Program Files\dotnet\sdk\9.0.306\Microsoft.Common.CurrentVersion.targets(5093,5): warning MSB3026: Could not copy "D:\ArenaOps\arenaops-stadium-management\BACKEND\ArenaOps.Shared\bin\Debug\net8.0\ArenaOps.Shared.dll" to "bin\Debug\net8.0\ArenaOps.Shared.dll". Beginning retry 9 in 1000ms. The process cannot access the file 'D:\ArenaOps\arenaops-stadium-management\BACKEND\ArenaOps.AuthService\ArenaOps.AuthService.API\bin\Debug\net8.0\ArenaOps.Shared.dll' because it is being used by another process. The file is locked by: "ArenaOps.AuthService.API (25092)" [D:\ArenaOps\arenaops-stadium-management\BACKEND\ArenaOps.AuthService\ArenaOps.AuthService.API\ArenaOps.AuthService.API.csproj]
C:\Program Files\dotnet\sdk\9.0.306\Microsoft.Common.CurrentVersion.targets(5093,5): warning MSB3026: Could not copy "D:\ArenaOps\arenaops-stadium-management\BACKEND\ArenaOps.AuthService\ArenaOps.AuthService.Core\bin\Debug\net8.0\ArenaOps.AuthService.Core.dll" to "bin\Debug\net8.0\ArenaOps.AuthService.Core.dll". Beginning retry 9 in 1000ms. The process cannot access the file 'D:\ArenaOps\arenaops-stadium-management\BACKEND\ArenaOps.AuthService\ArenaOps.AuthService.API\bin\Debug\net8.0\ArenaOps.AuthService.Core.dll' because it is being used by another process. The file is locked by: "ArenaOps.AuthService.API (25092)" [D:\ArenaOps\arenaops-stadium-management\BACKEND\ArenaOps.AuthService\ArenaOps.AuthService.API\ArenaOps.AuthService.API.csproj]
C:\Program Files\dotnet\sdk\9.0.306\Microsoft.Common.CurrentVersion.targets(5093,5): warning MSB3026: Could not copy "D:\ArenaOps\arenaops-stadium-management\BACKEND\ArenaOps.AuthService\ArenaOps.AuthService.Infrastructure\bin\Debug\net8.0\ArenaOps.AuthService.Infrastructure.dll" to "bin\Debug\net8.0\ArenaOps.AuthService.Infrastructure.dll". Beginning retry 9 in 1000ms. The process cannot access the file 'D:\ArenaOps\arenaops-stadium-management\BACKEND\ArenaOps.AuthService\ArenaOps.AuthService.API\bin\Debug\net8.0\ArenaOps.AuthService.Infrastructure.dll' because it is being used by another process. The file is locked by: "ArenaOps.AuthService.API (25092)" [D:\ArenaOps\arenaops-stadium-management\BACKEND\ArenaOps.AuthService\ArenaOps.AuthService.API\ArenaOps.AuthService.API.csproj]
C:\Program Files\dotnet\sdk\9.0.306\Microsoft.Common.CurrentVersion.targets(5093,5): warning MSB3026: Could not copy "D:\ArenaOps\arenaops-stadium-management\BACKEND\ArenaOps.AuthService\ArenaOps.AuthService.Core\bin\Debug\net8.0\ArenaOps.AuthService.Core.dll" to "bin\Debug\net8.0\ArenaOps.AuthService.Core.dll". Beginning retry 10 in 1000ms. The process cannot access the file 'D:\ArenaOps\arenaops-stadium-management\BACKEND\ArenaOps.AuthService\ArenaOps.AuthService.API\bin\Debug\net8.0\ArenaOps.AuthService.Core.dll' because it is being used by another process. The file is locked by: "ArenaOps.AuthService.API (25092)" [D:\ArenaOps\arenaops-stadium-management\BACKEND\ArenaOps.AuthService\ArenaOps.AuthService.API\ArenaOps.AuthService.API.csproj]
C:\Program Files\dotnet\sdk\9.0.306\Microsoft.Common.CurrentVersion.targets(5093,5): warning MSB3026: Could not copy "D:\ArenaOps\arenaops-stadium-management\BACKEND\ArenaOps.Shared\bin\Debug\net8.0\ArenaOps.Shared.dll" to "bin\Debug\net8.0\ArenaOps.Shared.dll". Beginning retry 10 in 1000ms. The process cannot access the file 'D:\ArenaOps\arenaops-stadium-management\BACKEND\ArenaOps.AuthService\ArenaOps.AuthService.API\bin\Debug\net8.0\ArenaOps.Shared.dll' because it is being used by another process. The file is locked by: "ArenaOps.AuthService.API (25092)" [D:\ArenaOps\arenaops-stadium-management\BACKEND\ArenaOps.AuthService\ArenaOps.AuthService.API\ArenaOps.AuthService.API.csproj]
C:\Program Files\dotnet\sdk\9.0.306\Microsoft.Common.CurrentVersion.targets(5093,5): warning MSB3026: Could not copy "C:\Users\HP\.nuget\packages\stackexchange.redis\2.11.3\lib\net8.0\StackExchange.Redis.dll" to "bin\Debug\net8.0\StackExchange.Redis.dll". Beginning retry 10 in 1000ms. The process cannot access the file 'D:\ArenaOps\arenaops-stadium-management\BACKEND\ArenaOps.AuthService\ArenaOps.AuthService.API\bin\Debug\net8.0\StackExchange.Redis.dll' because it is being used by another process. The file is locked by: "ArenaOps.AuthService.API (25092)" [D:\ArenaOps\arenaops-stadium-management\BACKEND\ArenaOps.AuthService\ArenaOps.AuthService.API\ArenaOps.AuthService.API.csproj]
C:\Program Files\dotnet\sdk\9.0.306\Microsoft.Common.CurrentVersion.targets(5093,5): warning MSB3026: Could not copy "D:\ArenaOps\arenaops-stadium-management\BACKEND\ArenaOps.AuthService\ArenaOps.AuthService.Infrastructure\bin\Debug\net8.0\ArenaOps.AuthService.Infrastructure.dll" to "bin\Debug\net8.0\ArenaOps.AuthService.Infrastructure.dll". Beginning retry 10 in 1000ms. The process cannot access the file 'D:\ArenaOps\arenaops-stadium-management\BACKEND\ArenaOps.AuthService\ArenaOps.AuthService.API\bin\Debug\net8.0\ArenaOps.AuthService.Infrastructure.dll' because it is being used by another process. The file is locked by: "ArenaOps.AuthService.API (25092)" [D:\ArenaOps\arenaops-stadium-management\BACKEND\ArenaOps.AuthService\ArenaOps.AuthService.API\ArenaOps.AuthService.API.csproj]
C:\Program Files\dotnet\sdk\9.0.306\Microsoft.Common.CurrentVersion.targets(5093,5): error MSB3027: Could not copy "D:\ArenaOps\arenaops-stadium-management\BACKEND\ArenaOps.AuthService\ArenaOps.AuthService.Core\bin\Debug\net8.0\ArenaOps.AuthService.Core.dll" to "bin\Debug\net8.0\ArenaOps.AuthService.Core.dll". Exceeded retry count of 10. Failed. The file is locked by: "ArenaOps.AuthService.API (25092)" [D:\ArenaOps\arenaops-stadium-management\BACKEND\ArenaOps.AuthService\ArenaOps.AuthService.API\ArenaOps.AuthService.API.csproj]
C:\Program Files\dotnet\sdk\9.0.306\Microsoft.Common.CurrentVersion.targets(5093,5): error MSB3021: Unable to copy file "D:\ArenaOps\arenaops-stadium-management\BACKEND\ArenaOps.AuthService\ArenaOps.AuthService.Core\bin\Debug\net8.0\ArenaOps.AuthService.Core.dll" to "bin\Debug\net8.0\ArenaOps.AuthService.Core.dll". The process cannot access the file 'D:\ArenaOps\arenaops-stadium-management\BACKEND\ArenaOps.AuthService\ArenaOps.AuthService.API\bin\Debug\net8.0\ArenaOps.AuthService.Core.dll' because it is being used by another process. [D:\ArenaOps\arenaops-stadium-management\BACKEND\ArenaOps.AuthService\ArenaOps.AuthService.API\ArenaOps.AuthService.API.csproj]
C:\Program Files\dotnet\sdk\9.0.306\Microsoft.Common.CurrentVersion.targets(5093,5): error MSB3027: Could not copy "D:\ArenaOps\arenaops-stadium-management\BACKEND\ArenaOps.Shared\bin\Debug\net8.0\ArenaOps.Shared.dll" to "bin\Debug\net8.0\ArenaOps.Shared.dll". Exceeded retry count of 10. Failed. The file is locked by: "ArenaOps.AuthService.API (25092)" [D:\ArenaOps\arenaops-stadium-management\BACKEND\ArenaOps.AuthService\ArenaOps.AuthService.API\ArenaOps.AuthService.API.csproj]
C:\Program Files\dotnet\sdk\9.0.306\Microsoft.Common.CurrentVersion.targets(5093,5): error MSB3021: Unable to copy file "D:\ArenaOps\arenaops-stadium-management\BACKEND\ArenaOps.Shared\bin\Debug\net8.0\ArenaOps.Shared.dll" to "bin\Debug\net8.0\ArenaOps.Shared.dll". The process cannot access the file 'D:\ArenaOps\arenaops-stadium-management\BACKEND\ArenaOps.AuthService\ArenaOps.AuthService.API\bin\Debug\net8.0\ArenaOps.Shared.dll' because it is being used by another process. [D:\ArenaOps\arenaops-stadium-management\BACKEND\ArenaOps.AuthService\ArenaOps.AuthService.API\ArenaOps.AuthService.API.csproj]
C:\Program Files\dotnet\sdk\9.0.306\Microsoft.Common.CurrentVersion.targets(5093,5): error MSB3027: Could not copy "C:\Users\HP\.nuget\packages\stackexchange.redis\2.11.3\lib\net8.0\StackExchange.Redis.dll" to "bin\Debug\net8.0\StackExchange.Redis.dll". Exceeded retry count of 10. Failed. The file is locked by: "ArenaOps.AuthService.API (25092)" [D:\ArenaOps\arenaops-stadium-management\BACKEND\ArenaOps.AuthService\ArenaOps.AuthService.API\ArenaOps.AuthService.API.csproj]
C:\Program Files\dotnet\sdk\9.0.306\Microsoft.Common.CurrentVersion.targets(5093,5): error MSB3021: Unable to copy file "C:\Users\HP\.nuget\packages\stackexchange.redis\2.11.3\lib\net8.0\StackExchange.Redis.dll" to "bin\Debug\net8.0\StackExchange.Redis.dll". The process cannot access the file 'D:\ArenaOps\arenaops-stadium-management\BACKEND\ArenaOps.AuthService\ArenaOps.AuthService.API\bin\Debug\net8.0\StackExchange.Redis.dll' because it is being used by another process. [D:\ArenaOps\arenaops-stadium-management\BACKEND\ArenaOps.AuthService\ArenaOps.AuthService.API\ArenaOps.AuthService.API.csproj]
C:\Program Files\dotnet\sdk\9.0.306\Microsoft.Common.CurrentVersion.targets(5093,5): error MSB3027: Could not copy "D:\ArenaOps\arenaops-stadium-management\BACKEND\ArenaOps.AuthService\ArenaOps.AuthService.Infrastructure\bin\Debug\net8.0\ArenaOps.AuthService.Infrastructure.dll" to "bin\Debug\net8.0\ArenaOps.AuthService.Infrastructure.dll". Exceeded retry count of 10. Failed. The file is locked by: "ArenaOps.AuthService.API (25092)" [D:\ArenaOps\arenaops-stadium-management\BACKEND\ArenaOps.AuthService\ArenaOps.AuthService.API\ArenaOps.AuthService.API.csproj]
C:\Program Files\dotnet\sdk\9.0.306\Microsoft.Common.CurrentVersion.targets(5093,5): error MSB3021: Unable to copy file "D:\ArenaOps\arenaops-stadium-management\BACKEND\ArenaOps.AuthService\ArenaOps.AuthService.Infrastructure\bin\Debug\net8.0\ArenaOps.AuthService.Infrastructure.dll" to "bin\Debug\net8.0\ArenaOps.AuthService.Infrastructure.dll". The process cannot access the file 'D:\ArenaOps\arenaops-stadium-management\BACKEND\ArenaOps.AuthService\ArenaOps.AuthService.API\bin\Debug\net8.0\ArenaOps.AuthService.Infrastructure.dll' because it is being used by another process. [D:\ArenaOps\arenaops-stadium-management\BACKEND\ArenaOps.AuthService\ArenaOps.AuthService.API\ArenaOps.AuthService.API.csproj]

Build FAILED.

C:\Program Files\dotnet\sdk\9.0.306\Microsoft.Common.CurrentVersion.targets(5093,5): warning MSB3026: Could not copy "D:\ArenaOps\arenaops-stadium-management\BACKEND\ArenaOps.Shared\bin\Debug\net8.0\ArenaOps.Shared.dll" to "bin\Debug\net8.0\ArenaOps.Shared.dll". Beginning retry 1 in 1000ms. The process cannot access the file 'D:\ArenaOps\arenaops-stadium-management\BACKEND\ArenaOps.AuthService\ArenaOps.AuthService.API\bin\Debug\net8.0\ArenaOps.Shared.dll' because it is being used by another process. The file is locked by: "ArenaOps.AuthService.API (25092)" [D:\ArenaOps\arenaops-stadium-management\BACKEND\ArenaOps.AuthService\ArenaOps.AuthService.API\ArenaOps.AuthService.API.csproj]
C:\Program Files\dotnet\sdk\9.0.306\Microsoft.Common.CurrentVersion.targets(5093,5): warning MSB3026: Could not copy "D:\ArenaOps\arenaops-stadium-management\BACKEND\ArenaOps.AuthService\ArenaOps.AuthService.Core\bin\Debug\net8.0\ArenaOps.AuthService.Core.dll" to "bin\Debug\net8.0\ArenaOps.AuthService.Core.dll". Beginning retry 1 in 1000ms. The process cannot access the file 'D:\ArenaOps\arenaops-stadium-management\BACKEND\ArenaOps.AuthService\ArenaOps.AuthService.API\bin\Debug\net8.0\ArenaOps.AuthService.Core.dll' because it is being used by another process. The file is locked by: "ArenaOps.AuthService.API (25092)" [D:\ArenaOps\arenaops-stadium-management\BACKEND\ArenaOps.AuthService\ArenaOps.AuthService.API\ArenaOps.AuthService.API.csproj]
C:\Program Files\dotnet\sdk\9.0.306\Microsoft.Common.CurrentVersion.targets(5093,5): warning MSB3026: Could not copy "C:\Users\HP\.nuget\packages\stackexchange.redis\2.11.3\lib\net8.0\StackExchange.Redis.dll" to "bin\Debug\net8.0\StackExchange.Redis.dll". Beginning retry 1 in 1000ms. The process cannot access the file 'D:\ArenaOps\arenaops-stadium-management\BACKEND\ArenaOps.AuthService\ArenaOps.AuthService.API\bin\Debug\net8.0\StackExchange.Redis.dll' because it is being used by another process. The file is locked by: "ArenaOps.AuthService.API (25092)" [D:\ArenaOps\arenaops-stadium-management\BACKEND\ArenaOps.AuthService\ArenaOps.AuthService.API\ArenaOps.AuthService.API.csproj]
C:\Program Files\dotnet\sdk\9.0.306\Microsoft.Common.CurrentVersion.targets(5093,5): warning MSB3026: Could not copy "D:\ArenaOps\arenaops-stadium-management\BACKEND\ArenaOps.AuthService\ArenaOps.AuthService.Infrastructure\bin\Debug\net8.0\ArenaOps.AuthService.Infrastructure.dll" to "bin\Debug\net8.0\ArenaOps.AuthService.Infrastructure.dll". Beginning retry 1 in 1000ms. The process cannot access the file 'D:\ArenaOps\arenaops-stadium-management\BACKEND\ArenaOps.AuthService\ArenaOps.AuthService.API\bin\Debug\net8.0\ArenaOps.AuthService.Infrastructure.dll' because it is being used by another process. The file is locked by: "ArenaOps.AuthService.API (25092)" [D:\ArenaOps\arenaops-stadium-management\BACKEND\ArenaOps.AuthService\ArenaOps.AuthService.API\ArenaOps.AuthService.API.csproj]
C:\Program Files\dotnet\sdk\9.0.306\Microsoft.Common.CurrentVersion.targets(5093,5): warning MSB3026: Could not copy "D:\ArenaOps\arenaops-stadium-management\BACKEND\ArenaOps.Shared\bin\Debug\net8.0\ArenaOps.Shared.dll" to "bin\Debug\net8.0\ArenaOps.Shared.dll". Beginning retry 2 in 1000ms. The process cannot access the file 'D:\ArenaOps\arenaops-stadium-management\BACKEND\ArenaOps.AuthService\ArenaOps.AuthService.API\bin\Debug\net8.0\ArenaOps.Shared.dll' because it is being used by another process. The file is locked by: "ArenaOps.AuthService.API (25092)" [D:\ArenaOps\arenaops-stadium-management\BACKEND\ArenaOps.AuthService\ArenaOps.AuthService.API\ArenaOps.AuthService.API.csproj]
C:\Program Files\dotnet\sdk\9.0.306\Microsoft.Common.CurrentVersion.targets(5093,5): warning MSB3026: Could not copy "C:\Users\HP\.nuget\packages\stackexchange.redis\2.11.3\lib\net8.0\StackExchange.Redis.dll" to "bin\Debug\net8.0\StackExchange.Redis.dll". Beginning retry 2 in 1000ms. The process cannot access the file 'D:\ArenaOps\arenaops-stadium-management\BACKEND\ArenaOps.AuthService\ArenaOps.AuthService.API\bin\Debug\net8.0\StackExchange.Redis.dll' because it is being used by another process. The file is locked by: "ArenaOps.AuthService.API (25092)" [D:\ArenaOps\arenaops-stadium-management\BACKEND\ArenaOps.AuthService\ArenaOps.AuthService.API\ArenaOps.AuthService.API.csproj]
C:\Program Files\dotnet\sdk\9.0.306\Microsoft.Common.CurrentVersion.targets(5093,5): warning MSB3026: Could not copy "D:\ArenaOps\arenaops-stadium-management\BACKEND\ArenaOps.AuthService\ArenaOps.AuthService.Core\bin\Debug\net8.0\ArenaOps.AuthService.Core.dll" to "bin\Debug\net8.0\ArenaOps.AuthService.Core.dll". Beginning retry 2 in 1000ms. The process cannot access the file 'D:\ArenaOps\arenaops-stadium-management\BACKEND\ArenaOps.AuthService\ArenaOps.AuthService.API\bin\Debug\net8.0\ArenaOps.AuthService.Core.dll' because it is being used by another process. The file is locked by: "ArenaOps.AuthService.API (25092)" [D:\ArenaOps\arenaops-stadium-management\BACKEND\ArenaOps.AuthService\ArenaOps.AuthService.API\ArenaOps.AuthService.API.csproj]
C:\Program Files\dotnet\sdk\9.0.306\Microsoft.Common.CurrentVersion.targets(5093,5): warning MSB3026: Could not copy "D:\ArenaOps\arenaops-stadium-management\BACKEND\ArenaOps.AuthService\ArenaOps.AuthService.Infrastructure\bin\Debug\net8.0\ArenaOps.AuthService.Infrastructure.dll" to "bin\Debug\net8.0\ArenaOps.AuthService.Infrastructure.dll". Beginning retry 2 in 1000ms. The process cannot access the file 'D:\ArenaOps\arenaops-stadium-management\BACKEND\ArenaOps.AuthService\ArenaOps.AuthService.API\bin\Debug\net8.0\ArenaOps.AuthService.Infrastructure.dll' because it is being used by another process. The file is locked by: "ArenaOps.AuthService.API (25092)" [D:\ArenaOps\arenaops-stadium-management\BACKEND\ArenaOps.AuthService\ArenaOps.AuthService.API\ArenaOps.AuthService.API.csproj]
C:\Program Files\dotnet\sdk\9.0.306\Microsoft.Common.CurrentVersion.targets(5093,5): warning MSB3026: Could not copy "D:\ArenaOps\arenaops-stadium-management\BACKEND\ArenaOps.Shared\bin\Debug\net8.0\ArenaOps.Shared.dll" to "bin\Debug\net8.0\ArenaOps.Shared.dll". Beginning retry 3 in 1000ms. The process cannot access the file 'D:\ArenaOps\arenaops-stadium-management\BACKEND\ArenaOps.AuthService\ArenaOps.AuthService.API\bin\Debug\net8.0\ArenaOps.Shared.dll' because it is being used by another process. The file is locked by: "ArenaOps.AuthService.API (25092)" [D:\ArenaOps\arenaops-stadium-management\BACKEND\ArenaOps.AuthService\ArenaOps.AuthService.API\ArenaOps.AuthService.API.csproj]
C:\Program Files\dotnet\sdk\9.0.306\Microsoft.Common.CurrentVersion.targets(5093,5): warning MSB3026: Could not copy "C:\Users\HP\.nuget\packages\stackexchange.redis\2.11.3\lib\net8.0\StackExchange.Redis.dll" to "bin\Debug\net8.0\StackExchange.Redis.dll". Beginning retry 3 in 1000ms. The process cannot access the file 'D:\ArenaOps\arenaops-stadium-management\BACKEND\ArenaOps.AuthService\ArenaOps.AuthService.API\bin\Debug\net8.0\StackExchange.Redis.dll' because it is being used by another process. The file is locked by: "ArenaOps.AuthService.API (25092)" [D:\ArenaOps\arenaops-stadium-management\BACKEND\ArenaOps.AuthService\ArenaOps.AuthService.API\ArenaOps.AuthService.API.csproj]
C:\Program Files\dotnet\sdk\9.0.306\Microsoft.Common.CurrentVersion.targets(5093,5): warning MSB3026: Could not copy "D:\ArenaOps\arenaops-stadium-management\BACKEND\ArenaOps.AuthService\ArenaOps.AuthService.Core\bin\Debug\net8.0\ArenaOps.AuthService.Core.dll" to "bin\Debug\net8.0\ArenaOps.AuthService.Core.dll". Beginning retry 3 in 1000ms. The process cannot access the file 'D:\ArenaOps\arenaops-stadium-management\BACKEND\ArenaOps.AuthService\ArenaOps.AuthService.API\bin\Debug\net8.0\ArenaOps.AuthService.Core.dll' because it is being used by another process. The file is locked by: "ArenaOps.AuthService.API (25092)" [D:\ArenaOps\arenaops-stadium-management\BACKEND\ArenaOps.AuthService\ArenaOps.AuthService.API\ArenaOps.AuthService.API.csproj]
C:\Program Files\dotnet\sdk\9.0.306\Microsoft.Common.CurrentVersion.targets(5093,5): warning MSB3026: Could not copy "D:\ArenaOps\arenaops-stadium-management\BACKEND\ArenaOps.AuthService\ArenaOps.AuthService.Infrastructure\bin\Debug\net8.0\ArenaOps.AuthService.Infrastructure.dll" to "bin\Debug\net8.0\ArenaOps.AuthService.Infrastructure.dll". Beginning retry 3 in 1000ms. The process cannot access the file 'D:\ArenaOps\arenaops-stadium-management\BACKEND\ArenaOps.AuthService\ArenaOps.AuthService.API\bin\Debug\net8.0\ArenaOps.AuthService.Infrastructure.dll' because it is being used by another process. The file is locked by: "ArenaOps.AuthService.API (25092)" [D:\ArenaOps\arenaops-stadium-management\BACKEND\ArenaOps.AuthService\ArenaOps.AuthService.API\ArenaOps.AuthService.API.csproj]
C:\Program Files\dotnet\sdk\9.0.306\Microsoft.Common.CurrentVersion.targets(5093,5): warning MSB3026: Could not copy "D:\ArenaOps\arenaops-stadium-management\BACKEND\ArenaOps.Shared\bin\Debug\net8.0\ArenaOps.Shared.dll" to "bin\Debug\net8.0\ArenaOps.Shared.dll". Beginning retry 4 in 1000ms. The process cannot access the file 'D:\ArenaOps\arenaops-stadium-management\BACKEND\ArenaOps.AuthService\ArenaOps.AuthService.API\bin\Debug\net8.0\ArenaOps.Shared.dll' because it is being used by another process. The file is locked by: "ArenaOps.AuthService.API (25092)" [D:\ArenaOps\arenaops-stadium-management\BACKEND\ArenaOps.AuthService\ArenaOps.AuthService.API\ArenaOps.AuthService.API.csproj]
C:\Program Files\dotnet\sdk\9.0.306\Microsoft.Common.CurrentVersion.targets(5093,5): warning MSB3026: Could not copy "C:\Users\HP\.nuget\packages\stackexchange.redis\2.11.3\lib\net8.0\StackExchange.Redis.dll" to "bin\Debug\net8.0\StackExchange.Redis.dll". Beginning retry 4 in 1000ms. The process cannot access the file 'D:\ArenaOps\arenaops-stadium-management\BACKEND\ArenaOps.AuthService\ArenaOps.AuthService.API\bin\Debug\net8.0\StackExchange.Redis.dll' because it is being used by another process. The file is locked by: "ArenaOps.AuthService.API (25092)" [D:\ArenaOps\arenaops-stadium-management\BACKEND\ArenaOps.AuthService\ArenaOps.AuthService.API\ArenaOps.AuthService.API.csproj]
C:\Program Files\dotnet\sdk\9.0.306\Microsoft.Common.CurrentVersion.targets(5093,5): warning MSB3026: Could not copy "D:\ArenaOps\arenaops-stadium-management\BACKEND\ArenaOps.AuthService\ArenaOps.AuthService.Core\bin\Debug\net8.0\ArenaOps.AuthService.Core.dll" to "bin\Debug\net8.0\ArenaOps.AuthService.Core.dll". Beginning retry 4 in 1000ms. The process cannot access the file 'D:\ArenaOps\arenaops-stadium-management\BACKEND\ArenaOps.AuthService\ArenaOps.AuthService.API\bin\Debug\net8.0\ArenaOps.AuthService.Core.dll' because it is being used by another process. The file is locked by: "ArenaOps.AuthService.API (25092)" [D:\ArenaOps\arenaops-stadium-management\BACKEND\ArenaOps.AuthService\ArenaOps.AuthService.API\ArenaOps.AuthService.API.csproj]
C:\Program Files\dotnet\sdk\9.0.306\Microsoft.Common.CurrentVersion.targets(5093,5): warning MSB3026: Could not copy "D:\ArenaOps\arenaops-stadium-management\BACKEND\ArenaOps.AuthService\ArenaOps.AuthService.Infrastructure\bin\Debug\net8.0\ArenaOps.AuthService.Infrastructure.dll" to "bin\Debug\net8.0\ArenaOps.AuthService.Infrastructure.dll". Beginning retry 4 in 1000ms. The process cannot access the file 'D:\ArenaOps\arenaops-stadium-management\BACKEND\ArenaOps.AuthService\ArenaOps.AuthService.API\bin\Debug\net8.0\ArenaOps.AuthService.Infrastructure.dll' because it is being used by another process. The file is locked by: "ArenaOps.AuthService.API (25092)" [D:\ArenaOps\arenaops-stadium-management\BACKEND\ArenaOps.AuthService\ArenaOps.AuthService.API\ArenaOps.AuthService.API.csproj]
C:\Program Files\dotnet\sdk\9.0.306\Microsoft.Common.CurrentVersion.targets(5093,5): warning MSB3026: Could not copy "D:\ArenaOps\arenaops-stadium-management\BACKEND\ArenaOps.Shared\bin\Debug\net8.0\ArenaOps.Shared.dll" to "bin\Debug\net8.0\ArenaOps.Shared.dll". Beginning retry 5 in 1000ms. The process cannot access the file 'D:\ArenaOps\arenaops-stadium-management\BACKEND\ArenaOps.AuthService\ArenaOps.AuthService.API\bin\Debug\net8.0\ArenaOps.Shared.dll' because it is being used by another process. The file is locked by: "ArenaOps.AuthService.API (25092)" [D:\ArenaOps\arenaops-stadium-management\BACKEND\ArenaOps.AuthService\ArenaOps.AuthService.API\ArenaOps.AuthService.API.csproj]
C:\Program Files\dotnet\sdk\9.0.306\Microsoft.Common.CurrentVersion.targets(5093,5): warning MSB3026: Could not copy "C:\Users\HP\.nuget\packages\stackexchange.redis\2.11.3\lib\net8.0\StackExchange.Redis.dll" to "bin\Debug\net8.0\StackExchange.Redis.dll". Beginning retry 5 in 1000ms. The process cannot access the file 'D:\ArenaOps\arenaops-stadium-management\BACKEND\ArenaOps.AuthService\ArenaOps.AuthService.API\bin\Debug\net8.0\StackExchange.Redis.dll' because it is being used by another process. The file is locked by: "ArenaOps.AuthService.API (25092)" [D:\ArenaOps\arenaops-stadium-management\BACKEND\ArenaOps.AuthService\ArenaOps.AuthService.API\ArenaOps.AuthService.API.csproj]
C:\Program Files\dotnet\sdk\9.0.306\Microsoft.Common.CurrentVersion.targets(5093,5): warning MSB3026: Could not copy "D:\ArenaOps\arenaops-stadium-management\BACKEND\ArenaOps.AuthService\ArenaOps.AuthService.Core\bin\Debug\net8.0\ArenaOps.AuthService.Core.dll" to "bin\Debug\net8.0\ArenaOps.AuthService.Core.dll". Beginning retry 5 in 1000ms. The process cannot access the file 'D:\ArenaOps\arenaops-stadium-management\BACKEND\ArenaOps.AuthService\ArenaOps.AuthService.API\bin\Debug\net8.0\ArenaOps.AuthService.Core.dll' because it is being used by another process. The file is locked by: "ArenaOps.AuthService.API (25092)" [D:\ArenaOps\arenaops-stadium-management\BACKEND\ArenaOps.AuthService\ArenaOps.AuthService.API\ArenaOps.AuthService.API.csproj]
C:\Program Files\dotnet\sdk\9.0.306\Microsoft.Common.CurrentVersion.targets(5093,5): warning MSB3026: Could not copy "D:\ArenaOps\arenaops-stadium-management\BACKEND\ArenaOps.AuthService\ArenaOps.AuthService.Infrastructure\bin\Debug\net8.0\ArenaOps.AuthService.Infrastructure.dll" to "bin\Debug\net8.0\ArenaOps.AuthService.Infrastructure.dll". Beginning retry 5 in 1000ms. The process cannot access the file 'D:\ArenaOps\arenaops-stadium-management\BACKEND\ArenaOps.AuthService\ArenaOps.AuthService.API\bin\Debug\net8.0\ArenaOps.AuthService.Infrastructure.dll' because it is being used by another process. The file is locked by: "ArenaOps.AuthService.API (25092)" [D:\ArenaOps\arenaops-stadium-management\BACKEND\ArenaOps.AuthService\ArenaOps.AuthService.API\ArenaOps.AuthService.API.csproj]
C:\Program Files\dotnet\sdk\9.0.306\Microsoft.Common.CurrentVersion.targets(5093,5): warning MSB3026: Could not copy "D:\ArenaOps\arenaops-stadium-management\BACKEND\ArenaOps.Shared\bin\Debug\net8.0\ArenaOps.Shared.dll" to "bin\Debug\net8.0\ArenaOps.Shared.dll". Beginning retry 6 in 1000ms. The process cannot access the file 'D:\ArenaOps\arenaops-stadium-management\BACKEND\ArenaOps.AuthService\ArenaOps.AuthService.API\bin\Debug\net8.0\ArenaOps.Shared.dll' because it is being used by another process. The file is locked by: "ArenaOps.AuthService.API (25092)" [D:\ArenaOps\arenaops-stadium-management\BACKEND\ArenaOps.AuthService\ArenaOps.AuthService.API\ArenaOps.AuthService.API.csproj]
C:\Program Files\dotnet\sdk\9.0.306\Microsoft.Common.CurrentVersion.targets(5093,5): warning MSB3026: Could not copy "C:\Users\HP\.nuget\packages\stackexchange.redis\2.11.3\lib\net8.0\StackExchange.Redis.dll" to "bin\Debug\net8.0\StackExchange.Redis.dll". Beginning retry 6 in 1000ms. The process cannot access the file 'D:\ArenaOps\arenaops-stadium-management\BACKEND\ArenaOps.AuthService\ArenaOps.AuthService.API\bin\Debug\net8.0\StackExchange.Redis.dll' because it is being used by another process. The file is locked by: "ArenaOps.AuthService.API (25092)" [D:\ArenaOps\arenaops-stadium-management\BACKEND\ArenaOps.AuthService\ArenaOps.AuthService.API\ArenaOps.AuthService.API.csproj]
C:\Program Files\dotnet\sdk\9.0.306\Microsoft.Common.CurrentVersion.targets(5093,5): warning MSB3026: Could not copy "D:\ArenaOps\arenaops-stadium-management\BACKEND\ArenaOps.AuthService\ArenaOps.AuthService.Core\bin\Debug\net8.0\ArenaOps.AuthService.Core.dll" to "bin\Debug\net8.0\ArenaOps.AuthService.Core.dll". Beginning retry 6 in 1000ms. The process cannot access the file 'D:\ArenaOps\arenaops-stadium-management\BACKEND\ArenaOps.AuthService\ArenaOps.AuthService.API\bin\Debug\net8.0\ArenaOps.AuthService.Core.dll' because it is being used by another process. The file is locked by: "ArenaOps.AuthService.API (25092)" [D:\ArenaOps\arenaops-stadium-management\BACKEND\ArenaOps.AuthService\ArenaOps.AuthService.API\ArenaOps.AuthService.API.csproj]
C:\Program Files\dotnet\sdk\9.0.306\Microsoft.Common.CurrentVersion.targets(5093,5): warning MSB3026: Could not copy "D:\ArenaOps\arenaops-stadium-management\BACKEND\ArenaOps.AuthService\ArenaOps.AuthService.Infrastructure\bin\Debug\net8.0\ArenaOps.AuthService.Infrastructure.dll" to "bin\Debug\net8.0\ArenaOps.AuthService.Infrastructure.dll". Beginning retry 6 in 1000ms. The process cannot access the file 'D:\ArenaOps\arenaops-stadium-management\BACKEND\ArenaOps.AuthService\ArenaOps.AuthService.API\bin\Debug\net8.0\ArenaOps.AuthService.Infrastructure.dll' because it is being used by another process. The file is locked by: "ArenaOps.AuthService.API (25092)" [D:\ArenaOps\arenaops-stadium-management\BACKEND\ArenaOps.AuthService\ArenaOps.AuthService.API\ArenaOps.AuthService.API.csproj]
C:\Program Files\dotnet\sdk\9.0.306\Microsoft.Common.CurrentVersion.targets(5093,5): warning MSB3026: Could not copy "D:\ArenaOps\arenaops-stadium-management\BACKEND\ArenaOps.Shared\bin\Debug\net8.0\ArenaOps.Shared.dll" to "bin\Debug\net8.0\ArenaOps.Shared.dll". Beginning retry 7 in 1000ms. The process cannot access the file 'D:\ArenaOps\arenaops-stadium-management\BACKEND\ArenaOps.AuthService\ArenaOps.AuthService.API\bin\Debug\net8.0\ArenaOps.Shared.dll' because it is being used by another process. The file is locked by: "ArenaOps.AuthService.API (25092)" [D:\ArenaOps\arenaops-stadium-management\BACKEND\ArenaOps.AuthService\ArenaOps.AuthService.API\ArenaOps.AuthService.API.csproj]
C:\Program Files\dotnet\sdk\9.0.306\Microsoft.Common.CurrentVersion.targets(5093,5): warning MSB3026: Could not copy "C:\Users\HP\.nuget\packages\stackexchange.redis\2.11.3\lib\net8.0\StackExchange.Redis.dll" to "bin\Debug\net8.0\StackExchange.Redis.dll". Beginning retry 7 in 1000ms. The process cannot access the file 'D:\ArenaOps\arenaops-stadium-management\BACKEND\ArenaOps.AuthService\ArenaOps.AuthService.API\bin\Debug\net8.0\StackExchange.Redis.dll' because it is being used by another process. The file is locked by: "ArenaOps.AuthService.API (25092)" [D:\ArenaOps\arenaops-stadium-management\BACKEND\ArenaOps.AuthService\ArenaOps.AuthService.API\ArenaOps.AuthService.API.csproj]
C:\Program Files\dotnet\sdk\9.0.306\Microsoft.Common.CurrentVersion.targets(5093,5): warning MSB3026: Could not copy "D:\ArenaOps\arenaops-stadium-management\BACKEND\ArenaOps.AuthService\ArenaOps.AuthService.Core\bin\Debug\net8.0\ArenaOps.AuthService.Core.dll" to "bin\Debug\net8.0\ArenaOps.AuthService.Core.dll". Beginning retry 7 in 1000ms. The process cannot access the file 'D:\ArenaOps\arenaops-stadium-management\BACKEND\ArenaOps.AuthService\ArenaOps.AuthService.API\bin\Debug\net8.0\ArenaOps.AuthService.Core.dll' because it is being used by another process. The file is locked by: "ArenaOps.AuthService.API (25092)" [D:\ArenaOps\arenaops-stadium-management\BACKEND\ArenaOps.AuthService\ArenaOps.AuthService.API\ArenaOps.AuthService.API.csproj]
C:\Program Files\dotnet\sdk\9.0.306\Microsoft.Common.CurrentVersion.targets(5093,5): warning MSB3026: Could not copy "D:\ArenaOps\arenaops-stadium-management\BACKEND\ArenaOps.AuthService\ArenaOps.AuthService.Infrastructure\bin\Debug\net8.0\ArenaOps.AuthService.Infrastructure.dll" to "bin\Debug\net8.0\ArenaOps.AuthService.Infrastructure.dll". Beginning retry 7 in 1000ms. The process cannot access the file 'D:\ArenaOps\arenaops-stadium-management\BACKEND\ArenaOps.AuthService\ArenaOps.AuthService.API\bin\Debug\net8.0\ArenaOps.AuthService.Infrastructure.dll' because it is being used by another process. The file is locked by: "ArenaOps.AuthService.API (25092)" [D:\ArenaOps\arenaops-stadium-management\BACKEND\ArenaOps.AuthService\ArenaOps.AuthService.API\ArenaOps.AuthService.API.csproj]
C:\Program Files\dotnet\sdk\9.0.306\Microsoft.Common.CurrentVersion.targets(5093,5): warning MSB3026: Could not copy "C:\Users\HP\.nuget\packages\stackexchange.redis\2.11.3\lib\net8.0\StackExchange.Redis.dll" to "bin\Debug\net8.0\StackExchange.Redis.dll". Beginning retry 8 in 1000ms. The process cannot access the file 'D:\ArenaOps\arenaops-stadium-management\BACKEND\ArenaOps.AuthService\ArenaOps.AuthService.API\bin\Debug\net8.0\StackExchange.Redis.dll' because it is being used by another process. The file is locked by: "ArenaOps.AuthService.API (25092)" [D:\ArenaOps\arenaops-stadium-management\BACKEND\ArenaOps.AuthService\ArenaOps.AuthService.API\ArenaOps.AuthService.API.csproj]
C:\Program Files\dotnet\sdk\9.0.306\Microsoft.Common.CurrentVersion.targets(5093,5): warning MSB3026: Could not copy "D:\ArenaOps\arenaops-stadium-management\BACKEND\ArenaOps.Shared\bin\Debug\net8.0\ArenaOps.Shared.dll" to "bin\Debug\net8.0\ArenaOps.Shared.dll". Beginning retry 8 in 1000ms. The process cannot access the file 'D:\ArenaOps\arenaops-stadium-management\BACKEND\ArenaOps.AuthService\ArenaOps.AuthService.API\bin\Debug\net8.0\ArenaOps.Shared.dll' because it is being used by another process. The file is locked by: "ArenaOps.AuthService.API (25092)" [D:\ArenaOps\arenaops-stadium-management\BACKEND\ArenaOps.AuthService\ArenaOps.AuthService.API\ArenaOps.AuthService.API.csproj]
C:\Program Files\dotnet\sdk\9.0.306\Microsoft.Common.CurrentVersion.targets(5093,5): warning MSB3026: Could not copy "D:\ArenaOps\arenaops-stadium-management\BACKEND\ArenaOps.AuthService\ArenaOps.AuthService.Core\bin\Debug\net8.0\ArenaOps.AuthService.Core.dll" to "bin\Debug\net8.0\ArenaOps.AuthService.Core.dll". Beginning retry 8 in 1000ms. The process cannot access the file 'D:\ArenaOps\arenaops-stadium-management\BACKEND\ArenaOps.AuthService\ArenaOps.AuthService.API\bin\Debug\net8.0\ArenaOps.AuthService.Core.dll' because it is being used by another process. The file is locked by: "ArenaOps.AuthService.API (25092)" [D:\ArenaOps\arenaops-stadium-management\BACKEND\ArenaOps.AuthService\ArenaOps.AuthService.API\ArenaOps.AuthService.API.csproj]
C:\Program Files\dotnet\sdk\9.0.306\Microsoft.Common.CurrentVersion.targets(5093,5): warning MSB3026: Could not copy "D:\ArenaOps\arenaops-stadium-management\BACKEND\ArenaOps.AuthService\ArenaOps.AuthService.Infrastructure\bin\Debug\net8.0\ArenaOps.AuthService.Infrastructure.dll" to "bin\Debug\net8.0\ArenaOps.AuthService.Infrastructure.dll". Beginning retry 8 in 1000ms. The process cannot access the file 'D:\ArenaOps\arenaops-stadium-management\BACKEND\ArenaOps.AuthService\ArenaOps.AuthService.API\bin\Debug\net8.0\ArenaOps.AuthService.Infrastructure.dll' because it is being used by another process. The file is locked by: "ArenaOps.AuthService.API (25092)" [D:\ArenaOps\arenaops-stadium-management\BACKEND\ArenaOps.AuthService\ArenaOps.AuthService.API\ArenaOps.AuthService.API.csproj]
C:\Program Files\dotnet\sdk\9.0.306\Microsoft.Common.CurrentVersion.targets(5093,5): warning MSB3026: Could not copy "C:\Users\HP\.nuget\packages\stackexchange.redis\2.11.3\lib\net8.0\StackExchange.Redis.dll" to "bin\Debug\net8.0\StackExchange.Redis.dll". Beginning retry 9 in 1000ms. The process cannot access the file 'D:\ArenaOps\arenaops-stadium-management\BACKEND\ArenaOps.AuthService\ArenaOps.AuthService.API\bin\Debug\net8.0\StackExchange.Redis.dll' because it is being used by another process. The file is locked by: "ArenaOps.AuthService.API (25092)" [D:\ArenaOps\arenaops-stadium-management\BACKEND\ArenaOps.AuthService\ArenaOps.AuthService.API\ArenaOps.AuthService.API.csproj]
C:\Program Files\dotnet\sdk\9.0.306\Microsoft.Common.CurrentVersion.targets(5093,5): warning MSB3026: Could not copy "D:\ArenaOps\arenaops-stadium-management\BACKEND\ArenaOps.Shared\bin\Debug\net8.0\ArenaOps.Shared.dll" to "bin\Debug\net8.0\ArenaOps.Shared.dll". Beginning retry 9 in 1000ms. The process cannot access the file 'D:\ArenaOps\arenaops-stadium-management\BACKEND\ArenaOps.AuthService\ArenaOps.AuthService.API\bin\Debug\net8.0\ArenaOps.Shared.dll' because it is being used by another process. The file is locked by: "ArenaOps.AuthService.API (25092)" [D:\ArenaOps\arenaops-stadium-management\BACKEND\ArenaOps.AuthService\ArenaOps.AuthService.API\ArenaOps.AuthService.API.csproj]
C:\Program Files\dotnet\sdk\9.0.306\Microsoft.Common.CurrentVersion.targets(5093,5): warning MSB3026: Could not copy "D:\ArenaOps\arenaops-stadium-management\BACKEND\ArenaOps.AuthService\ArenaOps.AuthService.Core\bin\Debug\net8.0\ArenaOps.AuthService.Core.dll" to "bin\Debug\net8.0\ArenaOps.AuthService.Core.dll". Beginning retry 9 in 1000ms. The process cannot access the file 'D:\ArenaOps\arenaops-stadium-management\BACKEND\ArenaOps.AuthService\ArenaOps.AuthService.API\bin\Debug\net8.0\ArenaOps.AuthService.Core.dll' because it is being used by another process. The file is locked by: "ArenaOps.AuthService.API (25092)" [D:\ArenaOps\arenaops-stadium-management\BACKEND\ArenaOps.AuthService\ArenaOps.AuthService.API\ArenaOps.AuthService.API.csproj]
C:\Program Files\dotnet\sdk\9.0.306\Microsoft.Common.CurrentVersion.targets(5093,5): warning MSB3026: Could not copy "D:\ArenaOps\arenaops-stadium-management\BACKEND\ArenaOps.AuthService\ArenaOps.AuthService.Infrastructure\bin\Debug\net8.0\ArenaOps.AuthService.Infrastructure.dll" to "bin\Debug\net8.0\ArenaOps.AuthService.Infrastructure.dll". Beginning retry 9 in 1000ms. The process cannot access the file 'D:\ArenaOps\arenaops-stadium-management\BACKEND\ArenaOps.AuthService\ArenaOps.AuthService.API\bin\Debug\net8.0\ArenaOps.AuthService.Infrastructure.dll' because it is being used by another process. The file is locked by: "ArenaOps.AuthService.API (25092)" [D:\ArenaOps\arenaops-stadium-management\BACKEND\ArenaOps.AuthService\ArenaOps.AuthService.API\ArenaOps.AuthService.API.csproj]
C:\Program Files\dotnet\sdk\9.0.306\Microsoft.Common.CurrentVersion.targets(5093,5): warning MSB3026: Could not copy "D:\ArenaOps\arenaops-stadium-management\BACKEND\ArenaOps.AuthService\ArenaOps.AuthService.Core\bin\Debug\net8.0\ArenaOps.AuthService.Core.dll" to "bin\Debug\net8.0\ArenaOps.AuthService.Core.dll". Beginning retry 10 in 1000ms. The process cannot access the file 'D:\ArenaOps\arenaops-stadium-management\BACKEND\ArenaOps.AuthService\ArenaOps.AuthService.API\bin\Debug\net8.0\ArenaOps.AuthService.Core.dll' because it is being used by another process. The file is locked by: "ArenaOps.AuthService.API (25092)" [D:\ArenaOps\arenaops-stadium-management\BACKEND\ArenaOps.AuthService\ArenaOps.AuthService.API\ArenaOps.AuthService.API.csproj]
C:\Program Files\dotnet\sdk\9.0.306\Microsoft.Common.CurrentVersion.targets(5093,5): warning MSB3026: Could not copy "D:\ArenaOps\arenaops-stadium-management\BACKEND\ArenaOps.Shared\bin\Debug\net8.0\ArenaOps.Shared.dll" to "bin\Debug\net8.0\ArenaOps.Shared.dll". Beginning retry 10 in 1000ms. The process cannot access the file 'D:\ArenaOps\arenaops-stadium-management\BACKEND\ArenaOps.AuthService\ArenaOps.AuthService.API\bin\Debug\net8.0\ArenaOps.Shared.dll' because it is being used by another process. The file is locked by: "ArenaOps.AuthService.API (25092)" [D:\ArenaOps\arenaops-stadium-management\BACKEND\ArenaOps.AuthService\ArenaOps.AuthService.API\ArenaOps.AuthService.API.csproj]
C:\Program Files\dotnet\sdk\9.0.306\Microsoft.Common.CurrentVersion.targets(5093,5): warning MSB3026: Could not copy "C:\Users\HP\.nuget\packages\stackexchange.redis\2.11.3\lib\net8.0\StackExchange.Redis.dll" to "bin\Debug\net8.0\StackExchange.Redis.dll". Beginning retry 10 in 1000ms. The process cannot access the file 'D:\ArenaOps\arenaops-stadium-management\BACKEND\ArenaOps.AuthService\ArenaOps.AuthService.API\bin\Debug\net8.0\StackExchange.Redis.dll' because it is being used by another process. The file is locked by: "ArenaOps.AuthService.API (25092)" [D:\ArenaOps\arenaops-stadium-management\BACKEND\ArenaOps.AuthService\ArenaOps.AuthService.API\ArenaOps.AuthService.API.csproj]
C:\Program Files\dotnet\sdk\9.0.306\Microsoft.Common.CurrentVersion.targets(5093,5): warning MSB3026: Could not copy "D:\ArenaOps\arenaops-stadium-management\BACKEND\ArenaOps.AuthService\ArenaOps.AuthService.Infrastructure\bin\Debug\net8.0\ArenaOps.AuthService.Infrastructure.dll" to "bin\Debug\net8.0\ArenaOps.AuthService.Infrastructure.dll". Beginning retry 10 in 1000ms. The process cannot access the file 'D:\ArenaOps\arenaops-stadium-management\BACKEND\ArenaOps.AuthService\ArenaOps.AuthService.API\bin\Debug\net8.0\ArenaOps.AuthService.Infrastructure.dll' because it is being used by another process. The file is locked by: "ArenaOps.AuthService.API (25092)" [D:\ArenaOps\arenaops-stadium-management\BACKEND\ArenaOps.AuthService\ArenaOps.AuthService.API\ArenaOps.AuthService.API.csproj]
C:\Program Files\dotnet\sdk\9.0.306\Microsoft.Common.CurrentVersion.targets(5093,5): error MSB3027: Could not copy "D:\ArenaOps\arenaops-stadium-management\BACKEND\ArenaOps.AuthService\ArenaOps.AuthService.Core\bin\Debug\net8.0\ArenaOps.AuthService.Core.dll" to "bin\Debug\net8.0\ArenaOps.AuthService.Core.dll". Exceeded retry count of 10. Failed. The file is locked by: "ArenaOps.AuthService.API (25092)" [D:\ArenaOps\arenaops-stadium-management\BACKEND\ArenaOps.AuthService\ArenaOps.AuthService.API\ArenaOps.AuthService.API.csproj]
C:\Program Files\dotnet\sdk\9.0.306\Microsoft.Common.CurrentVersion.targets(5093,5): error MSB3021: Unable to copy file "D:\ArenaOps\arenaops-stadium-management\BACKEND\ArenaOps.AuthService\ArenaOps.AuthService.Core\bin\Debug\net8.0\ArenaOps.AuthService.Core.dll" to "bin\Debug\net8.0\ArenaOps.AuthService.Core.dll". The process cannot access the file 'D:\ArenaOps\arenaops-stadium-management\BACKEND\ArenaOps.AuthService\ArenaOps.AuthService.API\bin\Debug\net8.0\ArenaOps.AuthService.Core.dll' because it is being used by another process. [D:\ArenaOps\arenaops-stadium-management\BACKEND\ArenaOps.AuthService\ArenaOps.AuthService.API\ArenaOps.AuthService.API.csproj]
C:\Program Files\dotnet\sdk\9.0.306\Microsoft.Common.CurrentVersion.targets(5093,5): error MSB3027: Could not copy "D:\ArenaOps\arenaops-stadium-management\BACKEND\ArenaOps.Shared\bin\Debug\net8.0\ArenaOps.Shared.dll" to "bin\Debug\net8.0\ArenaOps.Shared.dll". Exceeded retry count of 10. Failed. The file is locked by: "ArenaOps.AuthService.API (25092)" [D:\ArenaOps\arenaops-stadium-management\BACKEND\ArenaOps.AuthService\ArenaOps.AuthService.API\ArenaOps.AuthService.API.csproj]
C:\Program Files\dotnet\sdk\9.0.306\Microsoft.Common.CurrentVersion.targets(5093,5): error MSB3021: Unable to copy file "D:\ArenaOps\arenaops-stadium-management\BACKEND\ArenaOps.Shared\bin\Debug\net8.0\ArenaOps.Shared.dll" to "bin\Debug\net8.0\ArenaOps.Shared.dll". The process cannot access the file 'D:\ArenaOps\arenaops-stadium-management\BACKEND\ArenaOps.AuthService\ArenaOps.AuthService.API\bin\Debug\net8.0\ArenaOps.Shared.dll' because it is being used by another process. [D:\ArenaOps\arenaops-stadium-management\BACKEND\ArenaOps.AuthService\ArenaOps.AuthService.API\ArenaOps.AuthService.API.csproj]
C:\Program Files\dotnet\sdk\9.0.306\Microsoft.Common.CurrentVersion.targets(5093,5): error MSB3027: Could not copy "C:\Users\HP\.nuget\packages\stackexchange.redis\2.11.3\lib\net8.0\StackExchange.Redis.dll" to "bin\Debug\net8.0\StackExchange.Redis.dll". Exceeded retry count of 10. Failed. The file is locked by: "ArenaOps.AuthService.API (25092)" [D:\ArenaOps\arenaops-stadium-management\BACKEND\ArenaOps.AuthService\ArenaOps.AuthService.API\ArenaOps.AuthService.API.csproj]
C:\Program Files\dotnet\sdk\9.0.306\Microsoft.Common.CurrentVersion.targets(5093,5): error MSB3021: Unable to copy file "C:\Users\HP\.nuget\packages\stackexchange.redis\2.11.3\lib\net8.0\StackExchange.Redis.dll" to "bin\Debug\net8.0\StackExchange.Redis.dll". The process cannot access the file 'D:\ArenaOps\arenaops-stadium-management\BACKEND\ArenaOps.AuthService\ArenaOps.AuthService.API\bin\Debug\net8.0\StackExchange.Redis.dll' because it is being used by another process. [D:\ArenaOps\arenaops-stadium-management\BACKEND\ArenaOps.AuthService\ArenaOps.AuthService.API\ArenaOps.AuthService.API.csproj]
C:\Program Files\dotnet\sdk\9.0.306\Microsoft.Common.CurrentVersion.targets(5093,5): error MSB3027: Could not copy "D:\ArenaOps\arenaops-stadium-management\BACKEND\ArenaOps.AuthService\ArenaOps.AuthService.Infrastructure\bin\Debug\net8.0\ArenaOps.AuthService.Infrastructure.dll" to "bin\Debug\net8.0\ArenaOps.AuthService.Infrastructure.dll". Exceeded retry count of 10. Failed. The file is locked by: "ArenaOps.AuthService.API (25092)" [D:\ArenaOps\arenaops-stadium-management\BACKEND\ArenaOps.AuthService\ArenaOps.AuthService.API\ArenaOps.AuthService.API.csproj]
C:\Program Files\dotnet\sdk\9.0.306\Microsoft.Common.CurrentVersion.targets(5093,5): error MSB3021: Unable to copy file "D:\ArenaOps\arenaops-stadium-management\BACKEND\ArenaOps.AuthService\ArenaOps.AuthService.Infrastructure\bin\Debug\net8.0\ArenaOps.AuthService.Infrastructure.dll" to "bin\Debug\net8.0\ArenaOps.AuthService.Infrastructure.dll". The process cannot access the file 'D:\ArenaOps\arenaops-stadium-management\BACKEND\ArenaOps.AuthService\ArenaOps.AuthService.API\bin\Debug\net8.0\ArenaOps.AuthService.Infrastructure.dll' because it is being used by another process. [D:\ArenaOps\arenaops-stadium-management\BACKEND\ArenaOps.AuthService\ArenaOps.AuthService.API\ArenaOps.AuthService.API.csproj]
    40 Warning(s)
    8 Error(s)

Time Elapsed 00:00:20.76
